---
source: crates/rome_js_formatter/tests/prettier_tests.rs
assertion_line: 153
expression: object.js
---
# Input
```js
state = {
  // students
  hoverColumn: -1
};

```

# Output
```js
state = {
  // students
  hoverColumn: -1,
};

```


